// Jest Snapshot v1, https://goo.gl/fbAQLP

exports[`List should render with data 1`] = `
<div>
  <div
    class="MuiBox-root css-0"
  >
    <div
      class="MuiPaper-root MuiPaper-elevation MuiPaper-rounded MuiPaper-elevation1 MuiAccordion-root MuiAccordion-rounded MuiAccordion-gutters css-7ku0nv-MuiPaper-root-MuiAccordion-root"
    >
      <div
        aria-controls="panel1a-content"
        aria-expanded="false"
        class="MuiButtonBase-root MuiAccordionSummary-root MuiAccordionSummary-gutters css-1weusj3-MuiButtonBase-root-MuiAccordionSummary-root"
        id="panel1a-header"
        role="button"
        tabindex="0"
      >
        <div
          class="MuiAccordionSummary-content MuiAccordionSummary-contentGutters css-o4b71y-MuiAccordionSummary-content"
        >
          <div
            class="MuiBox-root css-jpm4l0"
          >
            <div
              class="MuiAvatar-root MuiAvatar-circular css-1wlk0hk-MuiAvatar-root"
            >
              <img
                alt="Brad"
                class="MuiAvatar-img css-1pqm26d-MuiAvatar-img"
                src="placeholder.png"
              />
            </div>
            <p
              class="MuiTypography-root MuiTypography-body1 css-ahj2mt-MuiTypography-root"
            >
              Brad
            </p>
          </div>
        </div>
        <div
          class="MuiAccordionSummary-expandIconWrapper css-yw020d-MuiAccordionSummary-expandIconWrapper"
        >
          <svg
            aria-hidden="true"
            class="MuiSvgIcon-root MuiSvgIcon-fontSizeMedium css-i4bv87-MuiSvgIcon-root"
            data-testid="ExpandMoreIcon"
            focusable="false"
            viewBox="0 0 24 24"
          >
            <path
              d="M16.59 8.59 12 13.17 7.41 8.59 6 10l6 6 6-6z"
            />
          </svg>
        </div>
      </div>
      <div
        class="MuiCollapse-root MuiCollapse-vertical MuiCollapse-hidden css-bz4dnt-MuiCollapse-root"
        style="min-height: 0px;"
      >
        <div
          class="MuiCollapse-wrapper MuiCollapse-vertical css-smkl36-MuiCollapse-wrapper"
        >
          <div
            class="MuiCollapse-wrapperInner MuiCollapse-vertical css-9l5vo-MuiCollapse-wrapperInner"
          >
            <div
              aria-labelledby="panel1a-header"
              class="MuiAccordion-region"
              id="panel1a-content"
              role="region"
            >
              <div
                class="MuiAccordionDetails-root css-15v22id-MuiAccordionDetails-root"
              >
                <div
                  class="MuiBox-root css-1821gv5"
                >
                  <div
                    class="MuiBox-root css-1r2odvj"
                  >
                    <p
                      class="MuiTypography-root MuiTypography-body1 css-ahj2mt-MuiTypography-root"
                    >
                      Type
                      : 
                    </p>
                    <p
                      class="MuiTypography-root MuiTypography-body1 css-16m92ws-MuiTypography-root"
                    >
                      Dog
                    </p>
                  </div>
                  <div
                    class="MuiBox-root css-1r2odvj"
                  >
                    <p
                      class="MuiTypography-root MuiTypography-body1 css-ahj2mt-MuiTypography-root"
                    >
                      Breed
                      : 
                    </p>
                    <p
                      class="MuiTypography-root MuiTypography-body1 css-16m92ws-MuiTypography-root"
                    >
                      Husky
                    </p>
                  </div>
                  <div
                    class="MuiBox-root css-1r2odvj"
                  >
                    <p
                      class="MuiTypography-root MuiTypography-body1 css-ahj2mt-MuiTypography-root"
                    >
                      Gender
                      : 
                    </p>
                    <p
                      class="MuiTypography-root MuiTypography-body1 css-16m92ws-MuiTypography-root"
                    >
                      Male
                    </p>
                  </div>
                  <div
                    class="MuiBox-root css-1r2odvj"
                  >
                    <p
                      class="MuiTypography-root MuiTypography-body1 css-ahj2mt-MuiTypography-root"
                    >
                      Color
                      : 
                    </p>
                    <p
                      class="MuiTypography-root MuiTypography-body1 css-16m92ws-MuiTypography-root"
                    >
                      White
                    </p>
                  </div>
                  <button
                    class="MuiButton-root MuiButton-text MuiButton-textPrimary MuiButton-sizeMedium MuiButton-textSizeMedium MuiButtonBase-root css-ve7jsm-MuiButtonBase-root-MuiButton-root"
                    tabindex="0"
                    type="button"
                  >
                    Details 
                    <svg
                      aria-hidden="true"
                      class="MuiSvgIcon-root MuiSvgIcon-fontSizeMedium css-i4bv87-MuiSvgIcon-root"
                      data-testid="ChevronRightIcon"
                      focusable="false"
                      viewBox="0 0 24 24"
                    >
                      <path
                        d="M10 6 8.59 7.41 13.17 12l-4.58 4.59L10 18l6-6z"
                      />
                    </svg>
                    <span
                      class="MuiTouchRipple-root css-8je8zh-MuiTouchRipple-root"
                    />
                  </button>
                </div>
              </div>
            </div>
          </div>
        </div>
      </div>
    </div>
    <div
      class="MuiPaper-root MuiPaper-elevation MuiPaper-rounded MuiPaper-elevation1 MuiAccordion-root MuiAccordion-rounded MuiAccordion-gutters css-7ku0nv-MuiPaper-root-MuiAccordion-root"
    >
      <div
        aria-controls="panel1a-content"
        aria-expanded="false"
        class="MuiButtonBase-root MuiAccordionSummary-root MuiAccordionSummary-gutters css-1weusj3-MuiButtonBase-root-MuiAccordionSummary-root"
        id="panel1a-header"
        role="button"
        tabindex="0"
      >
        <div
          class="MuiAccordionSummary-content MuiAccordionSummary-contentGutters css-o4b71y-MuiAccordionSummary-content"
        >
          <div
            class="MuiBox-root css-jpm4l0"
          >
            <div
              class="MuiAvatar-root MuiAvatar-circular css-1wlk0hk-MuiAvatar-root"
            >
              <img
                alt="Lion"
                class="MuiAvatar-img css-1pqm26d-MuiAvatar-img"
                src="placeholder.png"
              />
            </div>
            <p
              class="MuiTypography-root MuiTypography-body1 css-ahj2mt-MuiTypography-root"
            >
              Lion
            </p>
          </div>
        </div>
        <div
          class="MuiAccordionSummary-expandIconWrapper css-yw020d-MuiAccordionSummary-expandIconWrapper"
        >
          <svg
            aria-hidden="true"
            class="MuiSvgIcon-root MuiSvgIcon-fontSizeMedium css-i4bv87-MuiSvgIcon-root"
            data-testid="ExpandMoreIcon"
            focusable="false"
            viewBox="0 0 24 24"
          >
            <path
              d="M16.59 8.59 12 13.17 7.41 8.59 6 10l6 6 6-6z"
            />
          </svg>
        </div>
      </div>
      <div
        class="MuiCollapse-root MuiCollapse-vertical MuiCollapse-hidden css-bz4dnt-MuiCollapse-root"
        style="min-height: 0px;"
      >
        <div
          class="MuiCollapse-wrapper MuiCollapse-vertical css-smkl36-MuiCollapse-wrapper"
        >
          <div
            class="MuiCollapse-wrapperInner MuiCollapse-vertical css-9l5vo-MuiCollapse-wrapperInner"
          >
            <div
              aria-labelledby="panel1a-header"
              class="MuiAccordion-region"
              id="panel1a-content"
              role="region"
            >
              <div
                class="MuiAccordionDetails-root css-15v22id-MuiAccordionDetails-root"
              >
                <div
                  class="MuiBox-root css-1821gv5"
                >
                  <div
                    class="MuiBox-root css-1r2odvj"
                  >
                    <p
                      class="MuiTypography-root MuiTypography-body1 css-ahj2mt-MuiTypography-root"
                    >
                      Type
                      : 
                    </p>
                    <p
                      class="MuiTypography-root MuiTypography-body1 css-16m92ws-MuiTypography-root"
                    >
                      Dog
                    </p>
                  </div>
                  <div
                    class="MuiBox-root css-1r2odvj"
                  >
                    <p
                      class="MuiTypography-root MuiTypography-body1 css-ahj2mt-MuiTypography-root"
                    >
                      Breed
                      : 
                    </p>
                    <p
                      class="MuiTypography-root MuiTypography-body1 css-16m92ws-MuiTypography-root"
                    >
                      Poodle
                    </p>
                  </div>
                  <div
                    class="MuiBox-root css-1r2odvj"
                  >
                    <p
                      class="MuiTypography-root MuiTypography-body1 css-ahj2mt-MuiTypography-root"
                    >
                      Gender
                      : 
                    </p>
                    <p
                      class="MuiTypography-root MuiTypography-body1 css-16m92ws-MuiTypography-root"
                    >
                      Male
                    </p>
                  </div>
                  <div
                    class="MuiBox-root css-1r2odvj"
                  >
                    <p
                      class="MuiTypography-root MuiTypography-body1 css-ahj2mt-MuiTypography-root"
                    >
                      Color
                      : 
                    </p>
                    <p
                      class="MuiTypography-root MuiTypography-body1 css-16m92ws-MuiTypography-root"
                    >
                      Black
                    </p>
                  </div>
                  <button
                    class="MuiButton-root MuiButton-text MuiButton-textPrimary MuiButton-sizeMedium MuiButton-textSizeMedium MuiButtonBase-root css-ve7jsm-MuiButtonBase-root-MuiButton-root"
                    tabindex="0"
                    type="button"
                  >
                    Details 
                    <svg
                      aria-hidden="true"
                      class="MuiSvgIcon-root MuiSvgIcon-fontSizeMedium css-i4bv87-MuiSvgIcon-root"
                      data-testid="ChevronRightIcon"
                      focusable="false"
                      viewBox="0 0 24 24"
                    >
                      <path
                        d="M10 6 8.59 7.41 13.17 12l-4.58 4.59L10 18l6-6z"
                      />
                    </svg>
                    <span
                      class="MuiTouchRipple-root css-8je8zh-MuiTouchRipple-root"
                    />
                  </button>
                </div>
              </div>
            </div>
          </div>
        </div>
      </div>
    </div>
    <div
      class="css-1u96uvg-MuiStack-root"
    >
      <button
        class="MuiButtonBase-root Mui-disabled MuiIconButton-root Mui-disabled MuiIconButton-sizeMedium css-1e2s9g8-MuiButtonBase-root-MuiIconButton-root"
        disabled=""
        tabindex="-1"
        type="button"
      >
        1
      </button>
    </div>
  </div>
</div>
`;
